Godot Engine v4.7.1.stable.steam.a13da4feb - https://godotengine.org
Vulkan 1.3.289 - Forward+ - Using Device #0: NVIDIA - NVIDIA GeForce GTX 1060 with Max-Q Design

TQP57_COARSE_WAIT frame=120 active=519 ready=105 jobs=0 storage=373 render=0 replacements=0
TQP57_COARSE_WAIT frame=240 active=519 ready=234 jobs=0 storage=194 render=0 replacements=0
TQP57_COARSE_WAIT frame=360 active=519 ready=357 jobs=0 storage=0 render=0 replacements=0
TQP57_LARGE_WAIT frame=120 active=708 ready=641 jobs=0 storage=0 render=0 collision=0 replacements=67 retirements=8
TQP57_LARGE_SCENARIO_START id=idle_steady
TQP57_LARGE_SCENARIO_END id=idle_steady status=PASS
TQP57_LARGE_SCENARIO_START id=ground_traversal
TQP57_LARGE_WAIT frame=120 active=708 ready=708 jobs=0 storage=0 render=0 collision=0 replacements=0 retirements=0
TQP57_LARGE_SCENARIO_END id=ground_traversal status=PASS
TQP57_LARGE_SCENARIO_START id=high_speed_flight
TQP57_LARGE_SCENARIO_END id=high_speed_flight status=PASS
TQP57_LARGE_SCENARIO_START id=vertical_cave
TQP57_LARGE_SCENARIO_END id=vertical_cave status=PASS
TQP57_LARGE_SCENARIO_START id=adaptive_lod_churn
TQP57_LARGE_WAIT frame=120 active=653 ready=653 jobs=0 storage=0 render=0 collision=0 replacements=0 retirements=0
TQP57_LARGE_SCENARIO_END id=adaptive_lod_churn status=PASS
TQP57_LARGE_SCENARIO_START id=cold_teleport
TQP57_LARGE_WAIT frame=120 active=736 ready=695 jobs=0 storage=0 render=0 collision=0 replacements=41 retirements=225
TQP57_LARGE_WAIT frame=120 active=708 ready=708 jobs=0 storage=0 render=0 collision=0 replacements=0 retirements=0
TQP57_LARGE_SCENARIO_END id=cold_teleport status=PASS
TQP57_LARGE_SCENARIO_START id=digging
TQP57_LARGE_SCENARIO_END id=digging status=PASS
TQP57_LARGE_SCENARIO_START id=construction
TQP57_LARGE_SCENARIO_END id=construction status=PASS
TQP57_LARGE_SCENARIO_START id=far_return
TQP57_LARGE_WAIT frame=120 active=1016 ready=798 jobs=0 storage=0 render=0 collision=0 replacements=218 retirements=20
TQP57_LARGE_SCENARIO_END id=far_return status=PASS
TQP57_LARGE_WAIT frame=120 active=519 ready=123 jobs=20 storage=259 render=0 collision=0 replacements=0 retirements=0
TQP57_LARGE_WAIT frame=240 active=519 ready=433 jobs=0 storage=0 render=0 collision=0 replacements=0 retirements=0
TQP57_LARGE_WAIT frame=360 active=708 ready=636 jobs=0 storage=0 render=0 collision=0 replacements=72 retirements=8
WT_TERRAIN_TQP57_LARGE_ACCEPTANCE_GODOT_PASS scenarios=9 lod0=160 lod1=116 lod2=88 lod3=504 overlaps=0 generation_errors=0 topology_edges=0 persistence=1 collision=1
